// Jest Snapshot v1, https://goo.gl/fbAQLP

exports[`PoolAddress #computeAddress gas cost 1`] = `642`;

exports[`PoolAddress #computeAddress matches example from core repo 1`] = `"0x67A401E3a81e09eeaFD432A8130f2d63e35424b3"`;
